
> bumpfree@0.1.0 build
> next build

npm : 鈿?Warning: Nex
t.js inferred your w
orkspace root, but i
t may not be correct
.
所在位置 行:1 字符: 1
+ npm run build 2>&1
 | Out-File -FilePat
h .\build_output.log
 -Encoding  ...
+ ~~~~~~~~~~~~~~~~~~
    + CategoryInfo  
            : NotS  
  pecified: (鈿?Wa   
 rning: Next...n    
ot be correct.:    S
tring) [], Rem    ot
eException
    + FullyQualifie 
   dErrorId : Nati  
  veCommandError
 
 We detected multipl
e lockfiles and sele
cted the directory o
f C:\Users\SF\packag
e-lock.json as the r
oot directory.
 To silence this war
ning, set `turbopack
.root` in your Next.
js config, or consid
er removing one of t
he lockfiles if it's
 not needed.
   See https://nextj
s.org/docs/app/api-r
eference/config/next
-config-js/turbopack
#root-directory for 
more information.
 Detected additional
 lockfiles: 
   * C:\Users\SF\pro
grammings\bumpfree\p
ackage-lock.json

鈻?Next.js 16.1.6 (Turbopack)

鈿?The "middleware" f
ile convention is de
precated. Please use
 "proxy" instead. Le
arn more: https://ne
xtjs.org/docs/messag
es/middleware-to-pro
xy
  Creating an optimized production build ...
鉁?Compiled successfully in 2.3s
  Running TypeScript ...
Failed to compile.

./app/dashboard/page
.tsx:82:42
Type error: Conversi
on of type '{ id: an
y; name: any; is_pub
lic: any; created_at
: any; }[]' to type 
'{ id: string; name:
 string; is_public: 
boolean; }' may be a
 mistake because nei
ther type sufficient
ly overlaps with the
 other. If this was 
intentional, convert
 the expression to '
unknown' first.
  Type '{ id: any; n
ame: any; is_public:
 any; created_at: an
y; }[]' is missing t
he following propert
ies from type '{ id:
 string; name: strin
g; is_public: boolea
n; }': id, name, is_
public

[0m [90m 80 |[39m
                    
 ) [33m:[39m (
 [90m 81 |[39m    
                    
 memberRooms[33m?[
39m[33m.[39mmap((m
r) [33m=>[39m {
[31m[1m>[22m[39m
[90m 82 |[39m     
                    
    [36mconst[39m 
room [33m=[39m mr
[33m.[39mroom [36m
as[39m { id[33m:[
39m string[33m;[39
m name[33m:[39m st
ring[33m;[39m is_p
ublic[33m:[39m boo
lean }[33m;[39m
 [90m    |[39m    
                    
                  [
31m[1m^[22m[39m
 [90m 83 |[39m    
                    
     [36mif[39m (
[33m![39mroom) [36
mreturn[39m [36mnu
ll[39m[33m;[39m
 [90m 84 |[39m    
                    
     [36mreturn[39
m (
 [90m 85 |[39m    
                    
         [33m<[39m
[33mLink[39m[0m
Next.js build worker
 exited with code: 1
 and signal: null
